Add Component: Footprint Not Found C_0603
Add Component: Footprint Not Found C_0603
Add Component: Footprint Not Found C_0603
Add Component: Footprint Not Found C_0805
Add Component: Footprint Not Found C_0805
Add Component: Footprint Not Found C_0805
Add Component: Footprint Not Found C_0805
Add Component: Footprint Not Found C_0805
Add Component: Footprint Not Found C_0805
Add Component: Footprint Not Found C_0603
Add Component: Footprint Not Found C_0603
Add Component: Footprint Not Found C_0603
Add Component: Footprint Not Found C_0603
Add Component: Footprint Not Found C_0603
Add Component: Footprint Not Found C_0603
Add Component: Footprint Not Found C_0603
Add Component: Footprint Not Found C_0603
Add Component: Footprint Not Found C_0603
Add Component: Footprint Not Found C_0603
Add Component: Footprint Not Found C_0603
Add Component: Footprint Not Found C_0603
Add Component: Footprint Not Found INDC1608X95N
Add Component: Footprint Not Found INDC1608X95N
Add Component: Footprint Not Found INDC1608X95N
Add Component: Footprint Not Found TP_1mm
Add Component: Footprint Not Found TP_1mm
Add Component: Footprint Not Found TP_1mm
Add Component: Footprint Not Found TP_1mm
Add Component: Footprint Not Found TP_1mm
Add Component: Footprint Not Found TP_1mm
Add Component: Footprint Not Found PDSE1S24S12MTR
Add Component: Footprint Not Found PDSE1S24S12MTR
Add Component: Footprint Not Found PDSE1S24S12MTR
Add Component: Footprint Not Found RES 0603_1608
Add Component: Footprint Not Found RES 0603_1608
Add Component: Footprint Not Found RES 0603_1608
Add Pin To Net: Unknown Pin: Pin C1A-1
Add Pin To Net: Unknown Pin: Pin C1A-2
Add Pin To Net: Unknown Pin: Pin C1B-1
Add Pin To Net: Unknown Pin: Pin C1B-2
Add Pin To Net: Unknown Pin: Pin C1C-1
Add Pin To Net: Unknown Pin: Pin C1C-2
Add Pin To Net: Unknown Pin: Pin C87A-1
Add Pin To Net: Unknown Pin: Pin C87A-2
Add Pin To Net: Unknown Pin: Pin C87B-1
Add Pin To Net: Unknown Pin: Pin C87B-2
Add Pin To Net: Unknown Pin: Pin C87C-1
Add Pin To Net: Unknown Pin: Pin C87C-2
Add Pin To Net: Unknown Pin: Pin C88A-1
Add Pin To Net: Unknown Pin: Pin C88A-2
Add Pin To Net: Unknown Pin: Pin C88B-1
Add Pin To Net: Unknown Pin: Pin C88B-2
Add Pin To Net: Unknown Pin: Pin C88C-1
Add Pin To Net: Unknown Pin: Pin C88C-2
Add Pin To Net: Unknown Pin: Pin C89A-1
Add Pin To Net: Unknown Pin: Pin C89A-2
Add Pin To Net: Unknown Pin: Pin C89B-1
Add Pin To Net: Unknown Pin: Pin C89B-2
Add Pin To Net: Unknown Pin: Pin C89C-1
Add Pin To Net: Unknown Pin: Pin C89C-2
Add Pin To Net: Unknown Pin: Pin C90A-1
Add Pin To Net: Unknown Pin: Pin C90A-2
Add Pin To Net: Unknown Pin: Pin C90B-1
Add Pin To Net: Unknown Pin: Pin C90B-2
Add Pin To Net: Unknown Pin: Pin C90C-1
Add Pin To Net: Unknown Pin: Pin C90C-2
Add Pin To Net: Unknown Pin: Pin C91A-1
Add Pin To Net: Unknown Pin: Pin C91A-2
Add Pin To Net: Unknown Pin: Pin C91B-1
Add Pin To Net: Unknown Pin: Pin C91B-2
Add Pin To Net: Unknown Pin: Pin C91C-1
Add Pin To Net: Unknown Pin: Pin C91C-2
Add Pin To Net: Unknown Pin: Pin C92A-1
Add Pin To Net: Unknown Pin: Pin C92A-2
Add Pin To Net: Unknown Pin: Pin C92B-1
Add Pin To Net: Unknown Pin: Pin C92B-2
Add Pin To Net: Unknown Pin: Pin C92C-1
Add Pin To Net: Unknown Pin: Pin C92C-2
Add Pin To Net: Unknown Pin: Pin L12A-1
Add Pin To Net: Unknown Pin: Pin L12A-2
Add Pin To Net: Unknown Pin: Pin L12B-1
Add Pin To Net: Unknown Pin: Pin L12B-2
Add Pin To Net: Unknown Pin: Pin L12C-1
Add Pin To Net: Unknown Pin: Pin L12C-2
Add Pin To Net: Unknown Pin: Pin LS_5VA-1
Add Pin To Net: Unknown Pin: Pin LS_5VB-1
Add Pin To Net: Unknown Pin: Pin LS_5VC-1
Add Pin To Net: Unknown Pin: Pin LS_12VA-1
Add Pin To Net: Unknown Pin: Pin LS_12VB-1
Add Pin To Net: Unknown Pin: Pin LS_12VC-1
Add Pin To Net: Unknown Pin: Pin PS4A-1
Add Pin To Net: Unknown Pin: Pin PS4A-2
Add Pin To Net: Unknown Pin: Pin PS4A-4
Add Pin To Net: Unknown Pin: Pin PS4A-5
Add Pin To Net: Unknown Pin: Pin PS4B-1
Add Pin To Net: Unknown Pin: Pin PS4B-2
Add Pin To Net: Unknown Pin: Pin PS4B-4
Add Pin To Net: Unknown Pin: Pin PS4B-5
Add Pin To Net: Unknown Pin: Pin PS4C-1
Add Pin To Net: Unknown Pin: Pin PS4C-2
Add Pin To Net: Unknown Pin: Pin PS4C-4
Add Pin To Net: Unknown Pin: Pin PS4C-5
Add Pin To Net: Unknown Pin: Pin R86A-1
Add Pin To Net: Unknown Pin: Pin R86A-2
Add Pin To Net: Unknown Pin: Pin R86B-1
Add Pin To Net: Unknown Pin: Pin R86B-2
Add Pin To Net: Unknown Pin: Pin R86C-1
Add Pin To Net: Unknown Pin: Pin R86C-2
Add Class Member: Failed to add class member : Component C1A (C1) 0.1 µF
Add Class Member: Failed to add class member : Component C1B (C1) 0.1 µF
Add Class Member: Failed to add class member : Component C1C (C1) 0.1 µF
Add Class Member: Failed to add class member : Component C87A (C87) 4.7 µF
Add Class Member: Failed to add class member : Component C87B (C87) 4.7 µF
Add Class Member: Failed to add class member : Component C87C (C87) 4.7 µF
Add Class Member: Failed to add class member : Component C88A (C88) 4.7 µF
Add Class Member: Failed to add class member : Component C88B (C88) 4.7 µF
Add Class Member: Failed to add class member : Component C88C (C88) 4.7 µF
Add Class Member: Failed to add class member : Component C89A (C89) 0.1 µF
Add Class Member: Failed to add class member : Component C89B (C89) 0.1 µF
Add Class Member: Failed to add class member : Component C89C (C89) 0.1 µF
Add Class Member: Failed to add class member : Component C90A (C90) 2.2 uF
Add Class Member: Failed to add class member : Component C90B (C90) 2.2 uF
Add Class Member: Failed to add class member : Component C90C (C90) 2.2 uF
Add Class Member: Failed to add class member : Component C91A (C91) 1 µF
Add Class Member: Failed to add class member : Component C91B (C91) 1 µF
Add Class Member: Failed to add class member : Component C91C (C91) 1 µF
Add Class Member: Failed to add class member : Component C92A (C92) 1 µF
Add Class Member: Failed to add class member : Component C92B (C92) 1 µF
Add Class Member: Failed to add class member : Component C92C (C92) 1 µF
Add Class Member: Failed to add class member : Component L12A (L12) LQM18DN6R8M70L
Add Class Member: Failed to add class member : Component L12B (L12) LQM18DN6R8M70L
Add Class Member: Failed to add class member : Component L12C (L12) LQM18DN6R8M70L
Add Class Member: Failed to add class member : Component LS_5VA (LS_5V) Testpoint 1mm
Add Class Member: Failed to add class member : Component LS_5VB (LS_5V) Testpoint 1mm
Add Class Member: Failed to add class member : Component LS_5VC (LS_5V) Testpoint 1mm
Add Class Member: Failed to add class member : Component LS_12VA (LS_12V) Testpoint 1mm
Add Class Member: Failed to add class member : Component LS_12VB (LS_12V) Testpoint 1mm
Add Class Member: Failed to add class member : Component LS_12VC (LS_12V) Testpoint 1mm
Add Class Member: Failed to add class member : Component PS4A (PS4) PDSE1-S24-S12-M-TR
Add Class Member: Failed to add class member : Component PS4B (PS4) PDSE1-S24-S12-M-TR
Add Class Member: Failed to add class member : Component PS4C (PS4) PDSE1-S24-S12-M-TR
Added Member To Class: ClassName=Halfbridge1 Member=Component Q1A (Q1) EPC2302
Added Member To Class: ClassName=Halfbridge2 Member=Component Q1B (Q1) EPC2302
Added Member To Class: ClassName=Halfbridge3 Member=Component Q1C (Q1) EPC2302
Added Member To Class: ClassName=Halfbridge1 Member=Component Q2A (Q2) EPC2302
Added Member To Class: ClassName=Halfbridge2 Member=Component Q2B (Q2) EPC2302
Added Member To Class: ClassName=Halfbridge3 Member=Component Q2C (Q2) EPC2302
Add Class Member: Failed to add class member : Component R86A (R86) 100k
Add Class Member: Failed to add class member : Component R86B (R86) 100k
Add Class Member: Failed to add class member : Component R86C (R86) 100k
