Added Pin To Net: NetName=GND Pin=C39A-1
Added Pin To Net: NetName=GND Pin=C39B-1
Added Pin To Net: NetName=GND Pin=C39C-1
Added Pin To Net: NetName=GND Pin=C40-2
Added Pin To Net: NetName=GND Pin=C40-4
Added Pin To Net: NetName=GND Pin=C40-6
Added Pin To Net: NetName=GND Pin=C41-2
Added Pin To Net: NetName=GND Pin=C41-4
Added Pin To Net: NetName=GND Pin=C41-6
Added Pin To Net: NetName=GND Pin=C42-2
Added Pin To Net: NetName=GND Pin=C42-4
Added Pin To Net: NetName=GND Pin=C42-6
Added Pin To Net: NetName=GND Pin=C43-2
Added Pin To Net: NetName=GND Pin=C43-4
Added Pin To Net: NetName=GND Pin=C43-6
Added Pin To Net: NetName=GND Pin=C44-2
Added Pin To Net: NetName=GND Pin=C44-4
Added Pin To Net: NetName=GND Pin=C44-6
Added Pin To Net: NetName=GND Pin=C45-2
Added Pin To Net: NetName=GND Pin=C45-4
Added Pin To Net: NetName=GND Pin=C45-6
Added Pin To Net: NetName=GND Pin=C46-2
Added Pin To Net: NetName=GND Pin=C46-4
Added Pin To Net: NetName=GND Pin=C46-6
Added Pin To Net: NetName=GND Pin=C47-2
Added Pin To Net: NetName=GND Pin=C47-4
Added Pin To Net: NetName=GND Pin=C47-6
Added Pin To Net: NetName=GND Pin=C48-2
Added Pin To Net: NetName=GND Pin=C48-4
Added Pin To Net: NetName=GND Pin=C48-6
Added Pin To Net: NetName=GND Pin=C49-2
Added Pin To Net: NetName=GND Pin=C49-4
Added Pin To Net: NetName=GND Pin=C49-6
Added Pin To Net: NetName=GND Pin=C72A-1
Added Pin To Net: NetName=GND Pin=C72B-1
Added Pin To Net: NetName=GND Pin=C72C-1
Added Pin To Net: NetName=GND Pin=C73A-1
Added Pin To Net: NetName=GND Pin=C73B-1
Added Pin To Net: NetName=GND Pin=C73C-1
Added Pin To Net: NetName=GND Pin=C74A-1
Added Pin To Net: NetName=GND Pin=C74B-1
Added Pin To Net: NetName=GND Pin=C74C-1
Added Pin To Net: NetName=GND Pin=C75A-1
Added Pin To Net: NetName=GND Pin=C75B-1
Added Pin To Net: NetName=GND Pin=C75C-1
Added Pin To Net: NetName=GND Pin=C76A-1
Added Pin To Net: NetName=GND Pin=C76B-1
Added Pin To Net: NetName=GND Pin=C76C-1
Added Pin To Net: NetName=GND Pin=C77A-1
Added Pin To Net: NetName=GND Pin=C77B-1
Added Pin To Net: NetName=GND Pin=C77C-1
Added Pin To Net: NetName=GND Pin=C80-1
Added Pin To Net: NetName=GND Pin=C81-1
Added Pin To Net: NetName=GND Pin=C82-1
Added Pin To Net: NetName=GND Pin=C83-1
Added Pin To Net: NetName=GND Pin=C84-1
Added Pin To Net: NetName=GND Pin=C85-1
Added Pin To Net: NetName=GND Pin=C86-1
Added Pin To Net: NetName=GND Pin=C87-1
Added Pin To Net: NetName=GND Pin=C88-1
Added Pin To Net: NetName=GND Pin=C89-1
Added Pin To Net: NetName=GND Pin=C90-1
Added Pin To Net: NetName=GND Pin=C91-1
Added Pin To Net: NetName=GND Pin=R49A-2
Added Pin To Net: NetName=GND Pin=R49B-2
Added Pin To Net: NetName=GND Pin=R49C-2
Added Pin To Net: NetName=GND Pin=R50-2
Added Pin To Net: NetName=GND Pin=R51A-1
Added Pin To Net: NetName=GND Pin=R51B-1
Added Pin To Net: NetName=GND Pin=R51C-1
Added Pin To Net: NetName=GND Pin=U11-8
Added Pin To Net: NetName=GND Pin=U16A-6
Added Pin To Net: NetName=GND Pin=U16A-7
Added Pin To Net: NetName=GND Pin=U16B-6
Added Pin To Net: NetName=GND Pin=U16B-7
Added Pin To Net: NetName=GND Pin=U16C-6
Added Pin To Net: NetName=GND Pin=U16C-7
Change Net Name : Old Net Name=GND New Net Name=DC-
