Change Component Physical Designator: Old Designator=C2 New Designator=C1
Change Component Physical Designator: Old Designator=C5 New Designator=C2
Change Component Physical Designator: Old Designator=C6A New Designator=C18A
Change Component Physical Designator: Old Designator=C6B New Designator=C18B
Change Component Physical Designator: Old Designator=C6C New Designator=C18C
Change Component Physical Designator: Old Designator=C7A New Designator=C21A
Change Component Physical Designator: Old Designator=C7B New Designator=C21B
Change Component Physical Designator: Old Designator=C7C New Designator=C21C
Change Component Physical Designator: Old Designator=C9A New Designator=C22A
Change Component Physical Designator: Old Designator=C9B New Designator=C22B
Change Component Physical Designator: Old Designator=C9C New Designator=C22C
Change Component Physical Designator: Old Designator=C10A New Designator=C17A
Change Component Physical Designator: Old Designator=C10B New Designator=C17B
Change Component Physical Designator: Old Designator=C10C New Designator=C17C
Change Component Physical Designator: Old Designator=C11A New Designator=C20A
Change Component Physical Designator: Old Designator=C11B New Designator=C20B
Change Component Physical Designator: Old Designator=C11C New Designator=C20C
Change Component Physical Designator: Old Designator=C12A New Designator=C24A
Change Component Physical Designator: Old Designator=C12B New Designator=C24B
Change Component Physical Designator: Old Designator=C12C New Designator=C24C
Change Component Physical Designator: Old Designator=C13A New Designator=C23A
Change Component Physical Designator: Old Designator=C13B New Designator=C23B
Change Component Physical Designator: Old Designator=C13C New Designator=C23C
Change Component Physical Designator: Old Designator=C14A New Designator=C81A
Change Component Physical Designator: Old Designator=C14B New Designator=C81B
Change Component Physical Designator: Old Designator=C14C New Designator=C81C
Change Component Physical Designator: Old Designator=C15A New Designator=C80A
Change Component Physical Designator: Old Designator=C15B New Designator=C80B
Change Component Physical Designator: Old Designator=C15C New Designator=C80C
Change Component Physical Designator: Old Designator=C16A New Designator=C12A
Change Component Physical Designator: Old Designator=C16B New Designator=C12B
Change Component Physical Designator: Old Designator=C16C New Designator=C12C
Change Component Physical Designator: Old Designator=C17A New Designator=C11A
Change Component Physical Designator: Old Designator=C17B New Designator=C11B
Change Component Physical Designator: Old Designator=C17C New Designator=C11C
Change Component Physical Designator: Old Designator=C18A New Designator=C16A
Change Component Physical Designator: Old Designator=C18B New Designator=C16B
Change Component Physical Designator: Old Designator=C18C New Designator=C16C
Change Component Physical Designator: Old Designator=C19A New Designator=C15A
Change Component Physical Designator: Old Designator=C19B New Designator=C15B
Change Component Physical Designator: Old Designator=C19C New Designator=C15C
Change Component Physical Designator: Old Designator=C20A New Designator=C83A
Change Component Physical Designator: Old Designator=C20B New Designator=C83B
Change Component Physical Designator: Old Designator=C20C New Designator=C83C
Change Component Physical Designator: Old Designator=C21A New Designator=C14A
Change Component Physical Designator: Old Designator=C21B New Designator=C14B
Change Component Physical Designator: Old Designator=C21C New Designator=C14C
Change Component Physical Designator: Old Designator=C22A New Designator=C13A
Change Component Physical Designator: Old Designator=C22B New Designator=C13B
Change Component Physical Designator: Old Designator=C22C New Designator=C13C
Change Component Physical Designator: Old Designator=C23A New Designator=C10A
Change Component Physical Designator: Old Designator=C23B New Designator=C10B
Change Component Physical Designator: Old Designator=C23C New Designator=C10C
Change Component Physical Designator: Old Designator=C24A New Designator=C26A
Change Component Physical Designator: Old Designator=C24B New Designator=C26B
Change Component Physical Designator: Old Designator=C24C New Designator=C26C
Change Component Physical Designator: Old Designator=C25A New Designator=C82A
Change Component Physical Designator: Old Designator=C25B New Designator=C82B
Change Component Physical Designator: Old Designator=C25C New Designator=C82C
Change Component Physical Designator: Old Designator=C26A New Designator=C9A
Change Component Physical Designator: Old Designator=C26B New Designator=C9B
Change Component Physical Designator: Old Designator=C26C New Designator=C9C
Change Component Physical Designator: Old Designator=C28A New Designator=C25A
Change Component Physical Designator: Old Designator=C28B New Designator=C25B
Change Component Physical Designator: Old Designator=C28C New Designator=C25C
Change Component Physical Designator: Old Designator=C30A New Designator=C19A
Change Component Physical Designator: Old Designator=C30B New Designator=C19B
Change Component Physical Designator: Old Designator=C30C New Designator=C19C
Change Component Physical Designator: Old Designator=C46 New Designator=C58
Change Component Physical Designator: Old Designator=C47 New Designator=C57
Change Component Physical Designator: Old Designator=C48 New Designator=C60
Change Component Physical Designator: Old Designator=C49 New Designator=C59
Change Component Physical Designator: Old Designator=C51 New Designator=C55
Change Component Physical Designator: Old Designator=C52 New Designator=C51
Change Component Physical Designator: Old Designator=C53 New Designator=C56
Change Component Physical Designator: Old Designator=C54 New Designator=C7
Change Component Physical Designator: Old Designator=C55 New Designator=C54
Change Component Physical Designator: Old Designator=C56 New Designator=C53
Change Component Physical Designator: Old Designator=C57 New Designator=C65
Change Component Physical Designator: Old Designator=C58 New Designator=C52
Change Component Physical Designator: Old Designator=C59 New Designator=C28
Change Component Physical Designator: Old Designator=C65 New Designator=C80
Change Component Physical Designator: Old Designator=C66 New Designator=C81
Change Component Physical Designator: Old Designator=C67 New Designator=C40
Change Component Physical Designator: Old Designator=C68 New Designator=C82
Change Component Physical Designator: Old Designator=C69 New Designator=C41
Change Component Physical Designator: Old Designator=C70 New Designator=C83
Change Component Physical Designator: Old Designator=C71 New Designator=C42
Change Component Physical Designator: Old Designator=C72 New Designator=C84
Change Component Physical Designator: Old Designator=C73 New Designator=C46
Change Component Physical Designator: Old Designator=C74 New Designator=C85
Change Component Physical Designator: Old Designator=C75 New Designator=C45
Change Component Physical Designator: Old Designator=C76 New Designator=C86
Change Component Physical Designator: Old Designator=C77 New Designator=C47
Change Component Physical Designator: Old Designator=C78 New Designator=C87
Change Component Physical Designator: Old Designator=C79 New Designator=C43
Change Component Physical Designator: Old Designator=C80 New Designator=C88
Change Component Physical Designator: Old Designator=C81 New Designator=C44
Change Component Physical Designator: Old Designator=C82 New Designator=C89
Change Component Physical Designator: Old Designator=C83 New Designator=C48
Change Component Physical Designator: Old Designator=C84 New Designator=C90
Change Component Physical Designator: Old Designator=C85 New Designator=C49
Change Component Physical Designator: Old Designator=C86 New Designator=C91
Change Component Physical Designator: Old Designator=HS_5VA New Designator=5V_TOPA
Change Component Physical Designator: Old Designator=HS_5VB New Designator=5V_TOPB
Change Component Physical Designator: Old Designator=HS_5VC New Designator=5V_TOPC
Change Component Physical Designator: Old Designator=HS_12VA New Designator=12V_TOPA
Change Component Physical Designator: Old Designator=HS_12VB New Designator=12V_TOPB
Change Component Physical Designator: Old Designator=HS_12VC New Designator=12V_TOPC
Change Component Physical Designator: Old Designator=J1 New Designator=J2
Change Component Physical Designator: Old Designator=J2 New Designator=J5
Change Component Physical Designator: Old Designator=J3 New Designator=J6
Change Component Physical Designator: Old Designator=J4 New Designator=J7
Change Component Physical Designator: Old Designator=J5 New Designator=J3
Change Component Physical Designator: Old Designator=J6 New Designator=J4
Change Component Physical Designator: Old Designator=J7 New Designator=J1
Change Component Physical Designator: Old Designator=J8A New Designator=J9A
Change Component Physical Designator: Old Designator=J8B New Designator=J9B
Change Component Physical Designator: Old Designator=J8C New Designator=J9C
Change Component Physical Designator: Old Designator=J9A New Designator=J8A
Change Component Physical Designator: Old Designator=J9B New Designator=J8B
Change Component Physical Designator: Old Designator=J9C New Designator=J8C
Change Component Physical Designator: Old Designator=L1 New Designator=L11
Change Component Physical Designator: Old Designator=L2A New Designator=L3A
Change Component Physical Designator: Old Designator=L2B New Designator=L3B
Change Component Physical Designator: Old Designator=L2C New Designator=L3C
Change Component Physical Designator: Old Designator=L3A New Designator=L4A
Change Component Physical Designator: Old Designator=L3B New Designator=L4B
Change Component Physical Designator: Old Designator=L3C New Designator=L4C
Change Component Physical Designator: Old Designator=L4A New Designator=L5A
Change Component Physical Designator: Old Designator=L4B New Designator=L5B
Change Component Physical Designator: Old Designator=L4C New Designator=L5C
Change Component Physical Designator: Old Designator=L5A New Designator=L6A
Change Component Physical Designator: Old Designator=L5B New Designator=L6B
Change Component Physical Designator: Old Designator=L5C New Designator=L6C
Change Component Physical Designator: Old Designator=L6A New Designator=L10A
Change Component Physical Designator: Old Designator=L6B New Designator=L10B
Change Component Physical Designator: Old Designator=L6C New Designator=L10C
Change Component Physical Designator: Old Designator=L8 New Designator=L7
Change Component Physical Designator: Old Designator=L9 New Designator=L8
Change Component Physical Designator: Old Designator=L10 New Designator=L9
Change Component Physical Designator: Old Designator=R5 New Designator=R8
Change Component Physical Designator: Old Designator=R8 New Designator=R5
Change Component Physical Designator: Old Designator=R10A New Designator=R29A
Change Component Physical Designator: Old Designator=R10B New Designator=R29B
Change Component Physical Designator: Old Designator=R10C New Designator=R29C
Change Component Physical Designator: Old Designator=R12A New Designator=R33A
Change Component Physical Designator: Old Designator=R12B New Designator=R33B
Change Component Physical Designator: Old Designator=R12C New Designator=R33C
Change Component Physical Designator: Old Designator=R13A New Designator=R40A
Change Component Physical Designator: Old Designator=R13B New Designator=R40B
Change Component Physical Designator: Old Designator=R13C New Designator=R40C
Change Component Physical Designator: Old Designator=R14A New Designator=R43A
Change Component Physical Designator: Old Designator=R14B New Designator=R43B
Change Component Physical Designator: Old Designator=R14C New Designator=R43C
Change Component Physical Designator: Old Designator=R15A New Designator=R44A
Change Component Physical Designator: Old Designator=R15B New Designator=R44B
Change Component Physical Designator: Old Designator=R15C New Designator=R44C
Change Component Physical Designator: Old Designator=R16A New Designator=R46A
Change Component Physical Designator: Old Designator=R16B New Designator=R46B
Change Component Physical Designator: Old Designator=R16C New Designator=R46C
Change Component Physical Designator: Old Designator=R17A New Designator=R30A
Change Component Physical Designator: Old Designator=R17B New Designator=R30B
Change Component Physical Designator: Old Designator=R17C New Designator=R30C
Change Component Physical Designator: Old Designator=R19A New Designator=R38A
Change Component Physical Designator: Old Designator=R19B New Designator=R38B
Change Component Physical Designator: Old Designator=R19C New Designator=R38C
Change Component Physical Designator: Old Designator=R20A New Designator=R35A
Change Component Physical Designator: Old Designator=R20B New Designator=R35B
Change Component Physical Designator: Old Designator=R20C New Designator=R35C
Change Component Physical Designator: Old Designator=R21A New Designator=R41A
Change Component Physical Designator: Old Designator=R21B New Designator=R41B
Change Component Physical Designator: Old Designator=R21C New Designator=R41C
Change Component Physical Designator: Old Designator=R22A New Designator=R34A
Change Component Physical Designator: Old Designator=R22B New Designator=R34B
Change Component Physical Designator: Old Designator=R22C New Designator=R34C
Change Component Physical Designator: Old Designator=R23A New Designator=R42A
Change Component Physical Designator: Old Designator=R23B New Designator=R42B
Change Component Physical Designator: Old Designator=R23C New Designator=R42C
Change Component Physical Designator: Old Designator=R24A New Designator=R31A
Change Component Physical Designator: Old Designator=R24B New Designator=R31B
Change Component Physical Designator: Old Designator=R24C New Designator=R31C
Change Component Physical Designator: Old Designator=R25A New Designator=R37A
Change Component Physical Designator: Old Designator=R25B New Designator=R37B
Change Component Physical Designator: Old Designator=R25C New Designator=R37C
Change Component Physical Designator: Old Designator=R26A New Designator=R32A
Change Component Physical Designator: Old Designator=R26B New Designator=R32B
Change Component Physical Designator: Old Designator=R26C New Designator=R32C
Change Component Physical Designator: Old Designator=R27A New Designator=R36A
Change Component Physical Designator: Old Designator=R27B New Designator=R36B
Change Component Physical Designator: Old Designator=R27C New Designator=R36C
Change Component Physical Designator: Old Designator=R28A New Designator=R19A
Change Component Physical Designator: Old Designator=R28B New Designator=R19B
Change Component Physical Designator: Old Designator=R28C New Designator=R19C
Change Component Physical Designator: Old Designator=R29A New Designator=R20A
Change Component Physical Designator: Old Designator=R29B New Designator=R20B
Change Component Physical Designator: Old Designator=R29C New Designator=R20C
Change Component Physical Designator: Old Designator=R30A New Designator=R25A
Change Component Physical Designator: Old Designator=R30B New Designator=R25B
Change Component Physical Designator: Old Designator=R30C New Designator=R25C
Change Component Physical Designator: Old Designator=R31A New Designator=R26A
Change Component Physical Designator: Old Designator=R31B New Designator=R26B
Change Component Physical Designator: Old Designator=R31C New Designator=R26C
Change Component Physical Designator: Old Designator=R32A New Designator=R14A
Change Component Physical Designator: Old Designator=R32B New Designator=R14B
Change Component Physical Designator: Old Designator=R32C New Designator=R14C
Change Component Physical Designator: Old Designator=R33A New Designator=R15A
Change Component Physical Designator: Old Designator=R33B New Designator=R15B
Change Component Physical Designator: Old Designator=R33C New Designator=R15C
Change Component Physical Designator: Old Designator=R34A New Designator=R23A
Change Component Physical Designator: Old Designator=R34B New Designator=R23B
Change Component Physical Designator: Old Designator=R34C New Designator=R23C
Change Component Physical Designator: Old Designator=R35A New Designator=R24A
Change Component Physical Designator: Old Designator=R35B New Designator=R24B
Change Component Physical Designator: Old Designator=R35C New Designator=R24C
Change Component Physical Designator: Old Designator=R36A New Designator=R27A
Change Component Physical Designator: Old Designator=R36B New Designator=R27B
Change Component Physical Designator: Old Designator=R36C New Designator=R27C
Change Component Physical Designator: Old Designator=R37A New Designator=R28A
Change Component Physical Designator: Old Designator=R37B New Designator=R28B
Change Component Physical Designator: Old Designator=R37C New Designator=R28C
Change Component Physical Designator: Old Designator=R38A New Designator=R12A
Change Component Physical Designator: Old Designator=R38B New Designator=R12B
Change Component Physical Designator: Old Designator=R38C New Designator=R12C
Change Component Physical Designator: Old Designator=R39A New Designator=R13A
Change Component Physical Designator: Old Designator=R39B New Designator=R13B
Change Component Physical Designator: Old Designator=R39C New Designator=R13C
Change Component Physical Designator: Old Designator=R40A New Designator=R73A
Change Component Physical Designator: Old Designator=R40B New Designator=R73B
Change Component Physical Designator: Old Designator=R40C New Designator=R73C
Change Component Physical Designator: Old Designator=R41A New Designator=R72A
Change Component Physical Designator: Old Designator=R41B New Designator=R72B
Change Component Physical Designator: Old Designator=R41C New Designator=R72C
Change Component Physical Designator: Old Designator=R42A New Designator=R81A
Change Component Physical Designator: Old Designator=R42B New Designator=R81B
Change Component Physical Designator: Old Designator=R42C New Designator=R81C
Change Component Physical Designator: Old Designator=R43A New Designator=R82A
Change Component Physical Designator: Old Designator=R43B New Designator=R82B
Change Component Physical Designator: Old Designator=R43C New Designator=R82C
Change Component Physical Designator: Old Designator=R44A New Designator=R10A
Change Component Physical Designator: Old Designator=R44B New Designator=R10B
Change Component Physical Designator: Old Designator=R44C New Designator=R10C
Change Component Physical Designator: Old Designator=R45A New Designator=R21A
Change Component Physical Designator: Old Designator=R45B New Designator=R21B
Change Component Physical Designator: Old Designator=R45C New Designator=R21C
Change Component Physical Designator: Old Designator=R46A New Designator=R22A
Change Component Physical Designator: Old Designator=R46B New Designator=R22B
Change Component Physical Designator: Old Designator=R46C New Designator=R22C
Change Component Physical Designator: Old Designator=R50A New Designator=R39A
Change Component Physical Designator: Old Designator=R50B New Designator=R39B
Change Component Physical Designator: Old Designator=R50C New Designator=R39C
Change Component Physical Designator: Old Designator=R53A New Designator=R45A
Change Component Physical Designator: Old Designator=R53B New Designator=R45B
Change Component Physical Designator: Old Designator=R53C New Designator=R45C
Change Component Physical Designator: Old Designator=R54A New Designator=R76A
Change Component Physical Designator: Old Designator=R54B New Designator=R76B
Change Component Physical Designator: Old Designator=R54C New Designator=R76C
Change Component Physical Designator: Old Designator=R55A New Designator=R77A
Change Component Physical Designator: Old Designator=R55B New Designator=R77B
Change Component Physical Designator: Old Designator=R55C New Designator=R77C
Change Component Physical Designator: Old Designator=R56A New Designator=R17A
Change Component Physical Designator: Old Designator=R56B New Designator=R17B
Change Component Physical Designator: Old Designator=R56C New Designator=R17C
Change Component Physical Designator: Old Designator=R57A New Designator=R16A
Change Component Physical Designator: Old Designator=R57B New Designator=R16B
Change Component Physical Designator: Old Designator=R57C New Designator=R16C
Change Component Physical Designator: Old Designator=R65 New Designator=R57
Change Component Physical Designator: Old Designator=R66 New Designator=R58
Change Component Physical Designator: Old Designator=R69 New Designator=R55
Change Component Physical Designator: Old Designator=R70 New Designator=R63
Change Component Physical Designator: Old Designator=R71 New Designator=R64
Change Component Physical Designator: Old Designator=R72 New Designator=R56
Change Component Physical Designator: Old Designator=R73 New Designator=R65
Change Component Physical Designator: Old Designator=R74 New Designator=R66
Change Component Physical Designator: Old Designator=R75 New Designator=R53
Change Component Physical Designator: Old Designator=R76 New Designator=R54
Change Component Physical Designator: Old Designator=R77 New Designator=R81
Change Component Physical Designator: Old Designator=R78 New Designator=R82
Change Component Physical Designator: Old Designator=R79 New Designator=R85
Change Component Physical Designator: Old Designator=R80 New Designator=R86
Change Component Physical Designator: Old Designator=R81 New Designator=R50
Change Component Physical Designator: Old Designator=R82 New Designator=R61
Change Component Physical Designator: Old Designator=R83 New Designator=R60
Change Component Physical Designator: Old Designator=R84 New Designator=R79
Change Component Physical Designator: Old Designator=R85 New Designator=R80
Change Component Physical Designator: Old Designator=Revision1 New Designator=Revision
Change Component Physical Designator: Old Designator=Serial1 New Designator=Serial
Change Component Physical Designator: Old Designator=TP4A New Designator=TP8A
Change Component Physical Designator: Old Designator=TP4B New Designator=TP8B
Change Component Physical Designator: Old Designator=TP4C New Designator=TP8C
Change Component Physical Designator: Old Designator=TP5A New Designator=TP10A
Change Component Physical Designator: Old Designator=TP5B New Designator=TP10B
Change Component Physical Designator: Old Designator=TP5C New Designator=TP10C
Change Component Physical Designator: Old Designator=TP6A New Designator=TP11A
Change Component Physical Designator: Old Designator=TP6B New Designator=TP11B
Change Component Physical Designator: Old Designator=TP6C New Designator=TP11C
Change Component Physical Designator: Old Designator=TP7A New Designator=TP9A
Change Component Physical Designator: Old Designator=TP7B New Designator=TP9B
Change Component Physical Designator: Old Designator=TP7C New Designator=TP9C
Change Component Physical Designator: Old Designator=TP8 New Designator=TP12
Change Component Physical Designator: Old Designator=TP9 New Designator=TP13
Change Component Physical Designator: Old Designator=TP10 New Designator=TP14
Change Component Physical Designator: Old Designator=TP11 New Designator=TP15
Change Component Physical Designator: Old Designator=U1A New Designator=U17A
Change Component Physical Designator: Old Designator=U1B New Designator=U17B
Change Component Physical Designator: Old Designator=U1C New Designator=U17C
Change Component Physical Designator: Old Designator=U2 New Designator=U1
Change Component Physical Designator: Old Designator=U3A New Designator=U6A
Change Component Physical Designator: Old Designator=U3B New Designator=U6B
Change Component Physical Designator: Old Designator=U3C New Designator=U6C
Change Component Physical Designator: Old Designator=U4A New Designator=U8A
Change Component Physical Designator: Old Designator=U4B New Designator=U8B
Change Component Physical Designator: Old Designator=U4C New Designator=U8C
Change Component Physical Designator: Old Designator=U6A New Designator=U9A
Change Component Physical Designator: Old Designator=U6B New Designator=U9B
Change Component Physical Designator: Old Designator=U6C New Designator=U9C
Change Component Physical Designator: Old Designator=U7A New Designator=U3A
Change Component Physical Designator: Old Designator=U7B New Designator=U3B
Change Component Physical Designator: Old Designator=U7C New Designator=U3C
Change Component Physical Designator: Old Designator=U8A New Designator=U4A
Change Component Physical Designator: Old Designator=U8B New Designator=U4B
Change Component Physical Designator: Old Designator=U8C New Designator=U4C
Change Component Physical Designator: Old Designator=U9A New Designator=U2A
Change Component Physical Designator: Old Designator=U9B New Designator=U2B
Change Component Physical Designator: Old Designator=U9C New Designator=U2C
Change Component Physical Designator: Old Designator=U12 New Designator=U10
Change Component Physical Designator: Old Designator=U13 New Designator=U12
Change Component Physical Designator: Old Designator=U14 New Designator=U11
