Change Component Designator: Old Designator=C1 New Designator=C28
Change Component Designator: Old Designator=C5 New Designator=C25
Change Component Designator: Old Designator=C8 New Designator=C52
Change Component Designator: Old Designator=C25 New Designator=C34
Change Component Designator: Old Designator=C26 New Designator=C29
Change Component Designator: Old Designator=C27 New Designator=C31
Change Component Designator: Old Designator=C29 New Designator=C36
Change Component Designator: Old Designator=C31 New Designator=C32
Change Component Designator: Old Designator=C33 New Designator=C38
Change Component Designator: Old Designator=C34 New Designator=C37
Change Component Designator: Old Designator=C35 New Designator=C41
Change Component Designator: Old Designator=C36 New Designator=C39
Change Component Designator: Old Designator=C37 New Designator=C44
Change Component Designator: Old Designator=C38 New Designator=C45
Change Component Designator: Old Designator=C39 New Designator=C43
Change Component Designator: Old Designator=C63 New Designator=C40
Change Component Designator: Old Designator=C72 New Designator=C46
Change Component Designator: Old Designator=C73 New Designator=C47
Change Component Designator: Old Designator=C74 New Designator=C48
Change Component Designator: Old Designator=C75 New Designator=C49
Change Component Designator: Old Designator=C76 New Designator=C50
Change Component Designator: Old Designator=C77 New Designator=C51
Change Component Designator: Old Designator=C87 New Designator=C27
Change Component Designator: Old Designator=C88 New Designator=C30
Change Component Designator: Old Designator=C89 New Designator=C26
Change Component Designator: Old Designator=C90 New Designator=C33
Change Component Designator: Old Designator=C91 New Designator=C35
Change Component Designator: Old Designator=C92 New Designator=C42
Change Component Designator: Old Designator=D4 New Designator=D5
Change Component Designator: Old Designator=D5 New Designator=D4
Change Component Designator: Old Designator=HS_5V New Designator=HS_2
Change Component Designator: Old Designator=HS_12V New Designator=HS_1
Change Component Designator: Old Designator=L1 New Designator=L7
Change Component Designator: Old Designator=L12 New Designator=L8
Change Component Designator: Old Designator=LS_5V New Designator=LS_2
Change Component Designator: Old Designator=LS_12V New Designator=LS_1
Change Component Designator: Old Designator=PS4 New Designator=PS2
Change Component Designator: Old Designator=PS5 New Designator=PS4
Change Component Designator: Old Designator=R11 New Designator=R52
Change Component Designator: Old Designator=R18 New Designator=R49
Change Component Designator: Old Designator=R47 New Designator=R56
Change Component Designator: Old Designator=R48 New Designator=R55
Change Component Designator: Old Designator=R49 New Designator=R57
Change Component Designator: Old Designator=R51 New Designator=R65
Change Component Designator: Old Designator=R52 New Designator=R60
Change Component Designator: Old Designator=R56 New Designator=R50
Change Component Designator: Old Designator=R57 New Designator=R51
Change Component Designator: Old Designator=R58 New Designator=R66
Change Component Designator: Old Designator=R59 New Designator=R61
Change Component Designator: Old Designator=R60 New Designator=R67
Change Component Designator: Old Designator=R61 New Designator=R68
Change Component Designator: Old Designator=R62 New Designator=R58
Change Component Designator: Old Designator=R71 New Designator=R59
Change Component Designator: Old Designator=R74 New Designator=R64
Change Component Designator: Old Designator=R75 New Designator=R63
Change Component Designator: Old Designator=R78 New Designator=R53
Change Component Designator: Old Designator=R86 New Designator=R54
Change Component Designator: Old Designator=R87 New Designator=R62
Change Component Designator: Old Designator=U1 New Designator=U10
Change Component Designator: Old Designator=U10 New Designator=U9
Change Component Designator: Old Designator=U14 New Designator=U13
Change Component Designator: Old Designator=U15 New Designator=U11
Change Component Designator: Old Designator=U16 New Designator=U12
